2025-11-04 23:10:22.502 INFO  76497 --- [background-preinit] ibernate.validator.internal.util.Version : HV000001: Hibernate Validator 8.0.3.Final
2025-11-04 23:10:22.538 INFO  76497 --- [main] mentserviceapp.PaymentServiceApplication : Starting PaymentServiceApplication using Java 17.0.16 with PID 76497 (/home/josh/IdeaProjects/payment-system/payment-service-app/target/classes started by josh in /home/josh/IdeaProjects/payment-system/payment-service-app)
2025-11-04 23:10:22.538 INFO  76497 --- [main] mentserviceapp.PaymentServiceApplication : No active profile set, falling back to 1 default profile: "default"
2025-11-04 23:10:23.187 INFO  76497 --- [main] r.config.RepositoryConfigurationDelegate : Bootstrapping Spring Data JPA repositories in DEFAULT mode.
2025-11-04 23:10:23.230 INFO  76497 --- [main] r.config.RepositoryConfigurationDelegate : Finished Spring Data repository scanning in 36 ms. Found 1 JPA repository interface.
2025-11-04 23:10:23.610 INFO  76497 --- [main] boot.web.embedded.tomcat.TomcatWebServer : Tomcat initialized with port 8080 (http)
2025-11-04 23:10:23.618 INFO  76497 --- [main] g.apache.coyote.http11.Http11NioProtocol : Initializing ProtocolHandler ["http-nio-8080"]
2025-11-04 23:10:23.619 INFO  76497 --- [main] org.apache.catalina.core.StandardService : Starting service [Tomcat]
2025-11-04 23:10:23.619 INFO  76497 --- [main] org.apache.catalina.core.StandardEngine  : Starting Servlet engine: [Apache Tomcat/10.1.44]
2025-11-04 23:10:23.653 INFO  76497 --- [main] e.ContainerBase.[Tomcat].[localhost].[/] : Initializing Spring embedded WebApplicationContext
2025-11-04 23:10:23.653 INFO  76497 --- [main] w.s.c.ServletWebServerApplicationContext : Root WebApplicationContext: initialization completed in 1090 ms
2025-11-04 23:10:23.832 INFO  76497 --- [main] com.zaxxer.hikari.HikariDataSource       : HikariPool-1 - Starting...
2025-11-04 23:10:23.942 INFO  76497 --- [main] com.zaxxer.hikari.pool.HikariPool        : HikariPool-1 - Added connection org.postgresql.jdbc.PgConnection@20820df0
2025-11-04 23:10:23.943 INFO  76497 --- [main] com.zaxxer.hikari.HikariDataSource       : HikariPool-1 - Start completed.
2025-11-04 23:10:24.024 INFO  76497 --- [main] liquibase.database                       : Set default schema name to public
2025-11-04 23:10:24.246 INFO  76497 --- [main] liquibase.changelog                      : Reading from public.databasechangelog
2025-11-04 23:10:24.302 INFO  76497 --- [main] liquibase.ui                             : Database is up to date, no changesets to execute
2025-11-04 23:10:24.304 INFO  76497 --- [main] liquibase.changelog                      : Reading from public.databasechangelog
2025-11-04 23:10:24.313 INFO  76497 --- [main] liquibase.util                           : UPDATE SUMMARY
2025-11-04 23:10:24.313 INFO  76497 --- [main] liquibase.util                           : Run:                          0
2025-11-04 23:10:24.313 INFO  76497 --- [main] liquibase.util                           : Previously run:              12
2025-11-04 23:10:24.313 INFO  76497 --- [main] liquibase.util                           : Filtered out:                 0
2025-11-04 23:10:24.313 INFO  76497 --- [main] liquibase.util                           : -------------------------------
2025-11-04 23:10:24.313 INFO  76497 --- [main] liquibase.util                           : Total change sets:           12
2025-11-04 23:10:24.313 INFO  76497 --- [main] liquibase.util                           : Update summary generated
2025-11-04 23:10:24.314 INFO  76497 --- [main] liquibase.command                        : Command execution complete
2025-11-04 23:10:25.873 INFO  76497 --- [main] rg.hibernate.jpa.internal.util.LogHelper : HHH000204: Processing PersistenceUnitInfo [name: default]
2025-11-04 23:10:25.901 INFO  76497 --- [main] org.hibernate.Version                    : HHH000412: Hibernate ORM core version 6.6.26.Final
2025-11-04 23:10:25.921 INFO  76497 --- [main] te.cache.internal.RegionFactoryInitiator : HHH000026: Second-level cache disabled
2025-11-04 23:10:26.085 INFO  76497 --- [main] ersistenceunit.SpringPersistenceUnitInfo : No LoadTimeWeaver setup: ignoring JPA class transformer
2025-11-04 23:10:26.115 WARN  76497 --- [main] org.hibernate.orm.deprecation            : HHH90000025: PostgreSQLDialect does not need to be specified explicitly using 'hibernate.dialect' (remove the property setting and it will be selected by default)
2025-11-04 23:10:26.124 INFO  76497 --- [main] org.hibernate.orm.connections.pooling    : HHH10001005: Database info:
	Database JDBC URL [Connecting through datasource 'HikariDataSource (HikariPool-1)']
	Database driver: undefined/unknown
	Database version: 16.10
	Autocommit mode: undefined/unknown
	Isolation level: undefined/unknown
	Minimum pool size: undefined/unknown
	Maximum pool size: undefined/unknown
2025-11-04 23:10:26.626 INFO  76497 --- [main] a.platform.internal.JtaPlatformInitiator : HHH000489: No JTA platform available (set 'hibernate.transaction.jta.platform' to enable JTA platform integration)
2025-11-04 23:10:26.628 INFO  76497 --- [main] a.LocalContainerEntityManagerFactoryBean : Initialized JPA EntityManagerFactory for persistence unit 'default'
2025-11-04 23:10:26.801 INFO  76497 --- [main] pa.repository.query.QueryEnhancerFactory : Hibernate is in classpath; If applicable, HQL parser will be used.
2025-11-04 23:10:27.039 WARN  76497 --- [main] ConfigServletWebServerApplicationContext : Exception encountered during context initialization - cancelling refresh attempt: org.springframework.beans.factory.UnsatisfiedDependencyException: Error creating bean with name 'inMemoryXPaymentAdapterMessageBroker' defined in file [/home/josh/IdeaProjects/payment-system/payment-service-app/target/classes/com/example/paymentserviceapp/async/InMemoryXPaymentAdapterMessageBroker.class]: Unsatisfied dependency expressed through constructor parameter 0: Error creating bean with name 'inMemoryXPaymentAdapterResultListenerAdapter' defined in file [/home/josh/IdeaProjects/payment-system/payment-service-app/target/classes/com/example/paymentserviceapp/async/InMemoryXPaymentAdapterResultListenerAdapter.class]: Unsatisfied dependency expressed through constructor parameter 0: Error creating bean with name 'XPaymentAdapterResponseMessageHandler': Unsatisfied dependency expressed through method 'setPaymentService' parameter 0: Error creating bean with name 'paymentServiceImpl' defined in file [/home/josh/IdeaProjects/payment-system/payment-service-app/target/classes/com/example/paymentserviceapp/service/impl/PaymentServiceImpl.class]: Unsatisfied dependency expressed through constructor parameter 3: Error creating bean with name 'inMemoryXPaymentAdapterMessageBroker': Requested bean is currently in creation: Is there an unresolvable circular reference or an asynchronous initialization dependency?
2025-11-04 23:10:27.039 INFO  76497 --- [main] a.LocalContainerEntityManagerFactoryBean : Closing JPA EntityManagerFactory for persistence unit 'default'
2025-11-04 23:10:27.041 INFO  76497 --- [main] com.zaxxer.hikari.HikariDataSource       : HikariPool-1 - Shutdown initiated...
2025-11-04 23:10:27.043 INFO  76497 --- [main] com.zaxxer.hikari.HikariDataSource       : HikariPool-1 - Shutdown completed.
2025-11-04 23:10:27.045 INFO  76497 --- [main] org.apache.catalina.core.StandardService : Stopping service [Tomcat]
2025-11-04 23:10:27.057 INFO  76497 --- [main] .logging.ConditionEvaluationReportLogger : 

Error starting ApplicationContext. To display the condition evaluation report re-run your application with 'debug' enabled.
2025-11-04 23:10:27.067 ERROR 76497 --- [main] agnostics.LoggingFailureAnalysisReporter : 

***************************
APPLICATION FAILED TO START
***************************

Description:

The dependencies of some of the beans in the application context form a cycle:

┌─────┐
|  inMemoryXPaymentAdapterMessageBroker defined in file [/home/josh/IdeaProjects/payment-system/payment-service-app/target/classes/com/example/paymentserviceapp/async/InMemoryXPaymentAdapterMessageBroker.class]
↑     ↓
|  inMemoryXPaymentAdapterResultListenerAdapter defined in file [/home/josh/IdeaProjects/payment-system/payment-service-app/target/classes/com/example/paymentserviceapp/async/InMemoryXPaymentAdapterResultListenerAdapter.class]
↑     ↓
|  XPaymentAdapterResponseMessageHandler
↑     ↓
|  paymentServiceImpl defined in file [/home/josh/IdeaProjects/payment-system/payment-service-app/target/classes/com/example/paymentserviceapp/service/impl/PaymentServiceImpl.class]
└─────┘


Action:

Despite circular references being allowed, the dependency cycle between beans could not be broken. Update your application to remove the dependency cycle.

2025-11-04 23:14:11.110 INFO  78895 --- [background-preinit] ibernate.validator.internal.util.Version : HV000001: Hibernate Validator 8.0.3.Final
2025-11-04 23:14:11.142 INFO  78895 --- [main] mentserviceapp.PaymentServiceApplication : Starting PaymentServiceApplication using Java 17.0.16 with PID 78895 (/home/josh/IdeaProjects/payment-system/payment-service-app/target/classes started by josh in /home/josh/IdeaProjects/payment-system/payment-service-app)
2025-11-04 23:14:11.143 INFO  78895 --- [main] mentserviceapp.PaymentServiceApplication : No active profile set, falling back to 1 default profile: "default"
2025-11-04 23:14:11.757 INFO  78895 --- [main] r.config.RepositoryConfigurationDelegate : Bootstrapping Spring Data JPA repositories in DEFAULT mode.
2025-11-04 23:14:11.798 INFO  78895 --- [main] r.config.RepositoryConfigurationDelegate : Finished Spring Data repository scanning in 35 ms. Found 1 JPA repository interface.
2025-11-04 23:14:12.157 INFO  78895 --- [main] boot.web.embedded.tomcat.TomcatWebServer : Tomcat initialized with port 8080 (http)
2025-11-04 23:14:12.164 INFO  78895 --- [main] g.apache.coyote.http11.Http11NioProtocol : Initializing ProtocolHandler ["http-nio-8080"]
2025-11-04 23:14:12.165 INFO  78895 --- [main] org.apache.catalina.core.StandardService : Starting service [Tomcat]
2025-11-04 23:14:12.166 INFO  78895 --- [main] org.apache.catalina.core.StandardEngine  : Starting Servlet engine: [Apache Tomcat/10.1.44]
2025-11-04 23:14:12.195 INFO  78895 --- [main] e.ContainerBase.[Tomcat].[localhost].[/] : Initializing Spring embedded WebApplicationContext
2025-11-04 23:14:12.195 INFO  78895 --- [main] w.s.c.ServletWebServerApplicationContext : Root WebApplicationContext: initialization completed in 1030 ms
2025-11-04 23:14:12.381 INFO  78895 --- [main] com.zaxxer.hikari.HikariDataSource       : HikariPool-1 - Starting...
2025-11-04 23:14:12.481 INFO  78895 --- [main] com.zaxxer.hikari.pool.HikariPool        : HikariPool-1 - Added connection org.postgresql.jdbc.PgConnection@4b691611
2025-11-04 23:14:12.482 INFO  78895 --- [main] com.zaxxer.hikari.HikariDataSource       : HikariPool-1 - Start completed.
2025-11-04 23:14:14.389 INFO  78895 --- [main] rg.hibernate.jpa.internal.util.LogHelper : HHH000204: Processing PersistenceUnitInfo [name: default]
2025-11-04 23:14:14.418 INFO  78895 --- [main] org.hibernate.Version                    : HHH000412: Hibernate ORM core version 6.6.26.Final
2025-11-04 23:14:14.442 INFO  78895 --- [main] te.cache.internal.RegionFactoryInitiator : HHH000026: Second-level cache disabled
2025-11-04 23:14:14.601 INFO  78895 --- [main] ersistenceunit.SpringPersistenceUnitInfo : No LoadTimeWeaver setup: ignoring JPA class transformer
2025-11-04 23:14:14.632 WARN  78895 --- [main] org.hibernate.orm.deprecation            : HHH90000025: PostgreSQLDialect does not need to be specified explicitly using 'hibernate.dialect' (remove the property setting and it will be selected by default)
2025-11-04 23:14:14.643 INFO  78895 --- [main] org.hibernate.orm.connections.pooling    : HHH10001005: Database info:
	Database JDBC URL [Connecting through datasource 'HikariDataSource (HikariPool-1)']
	Database driver: undefined/unknown
	Database version: 16.10
	Autocommit mode: undefined/unknown
	Isolation level: undefined/unknown
	Minimum pool size: undefined/unknown
	Maximum pool size: undefined/unknown
2025-11-04 23:14:15.205 INFO  78895 --- [main] a.platform.internal.JtaPlatformInitiator : HHH000489: No JTA platform available (set 'hibernate.transaction.jta.platform' to enable JTA platform integration)
2025-11-04 23:14:15.207 INFO  78895 --- [main] a.LocalContainerEntityManagerFactoryBean : Initialized JPA EntityManagerFactory for persistence unit 'default'
2025-11-04 23:14:15.391 INFO  78895 --- [main] pa.repository.query.QueryEnhancerFactory : Hibernate is in classpath; If applicable, HQL parser will be used.
2025-11-04 23:14:15.648 WARN  78895 --- [main] ConfigServletWebServerApplicationContext : Exception encountered during context initialization - cancelling refresh attempt: org.springframework.beans.factory.UnsatisfiedDependencyException: Error creating bean with name 'inMemoryXPaymentAdapterMessageBroker' defined in file [/home/josh/IdeaProjects/payment-system/payment-service-app/target/classes/com/example/paymentserviceapp/async/InMemoryXPaymentAdapterMessageBroker.class]: Unsatisfied dependency expressed through constructor parameter 0: Error creating bean with name 'inMemoryXPaymentAdapterResultListenerAdapter' defined in file [/home/josh/IdeaProjects/payment-system/payment-service-app/target/classes/com/example/paymentserviceapp/async/InMemoryXPaymentAdapterResultListenerAdapter.class]: Unsatisfied dependency expressed through constructor parameter 0: Error creating bean with name 'XPaymentAdapterResponseMessageHandler': Unsatisfied dependency expressed through method 'setPaymentService' parameter 0: Error creating bean with name 'paymentServiceImpl' defined in file [/home/josh/IdeaProjects/payment-system/payment-service-app/target/classes/com/example/paymentserviceapp/service/impl/PaymentServiceImpl.class]: Unsatisfied dependency expressed through constructor parameter 3: Error creating bean with name 'inMemoryXPaymentAdapterMessageBroker': Requested bean is currently in creation: Is there an unresolvable circular reference or an asynchronous initialization dependency?
2025-11-04 23:14:15.649 INFO  78895 --- [main] a.LocalContainerEntityManagerFactoryBean : Closing JPA EntityManagerFactory for persistence unit 'default'
2025-11-04 23:14:15.650 INFO  78895 --- [main] com.zaxxer.hikari.HikariDataSource       : HikariPool-1 - Shutdown initiated...
2025-11-04 23:14:15.653 INFO  78895 --- [main] com.zaxxer.hikari.HikariDataSource       : HikariPool-1 - Shutdown completed.
